[redballoonsecurity.com/company/careers/index.html]
[backblue.gif]
[fade.gif]
[index.html]
[redballoonsecurity.com/wp-content/uploads/2021/11/RBS_logo_wordmark_red.png]
[redballoonsecurity.com/wp-includes/css/dist/block-library/style.min5b21.css]
[redballoonsecurity.com/wp-content/themes/hello-elementor/style.minc141.css]
[redballoonsecurity.com/wp-content/themes/hello-elementor/theme.minc141.css]
[redballoonsecurity.com/wp-content/plugins/elementor/assets/css/frontend-lite.min47b7.css]
[redballoonsecurity.com/wp-content/uploads/2021/11/RBS_wave.png]
[redballoonsecurity.com/wp-content/plugins/powerpack-lite-for-elementor/assets/css/min/frontend.min07a9.css]
[redballoonsecurity.com/wp-content/plugins/addons-for-elementor-premium/assets/css/lib/animatee374.css]
[redballoonsecurity.com/wp-content/plugins/addons-for-elementor-premium/assets/css/lib/sliders.mine374.css]
[redballoonsecurity.com/wp-content/plugins/addons-for-elementor-premium/assets/css/icomoone374.css]
[redballoonsecurity.com/wp-content/plugins/addons-for-elementor-premium/assets/css/lae-frontende374.css]
[redballoonsecurity.com/wp-content/plugins/addons-for-elementor-premium/assets/css/lae-gride374.css]
[redballoonsecurity.com/wp-content/plugins/addons-for-elementor-premium/assets/css/premium/lib/jquery.fancyboxe374.css]
[redballoonsecurity.com/wp-content/plugins/addons-for-elementor-premium/assets/css/premium/lib/powertipe374.css]
[redballoonsecurity.com/wp-content/plugins/addons-for-elementor-premium/assets/css/premium/lib/sliders.mine374.css]
[redballoonsecurity.com/wp-content/plugins/addons-for-elementor-premium/assets/css/premium/lae-blockse374.css]
[redballoonsecurity.com/wp-content/plugins/addons-for-elementor-premium/assets/css/widgets/lae-widgets.mine374.css]
[redballoonsecurity.com/wp-content/plugins/addons-for-elementor-premium/assets/css/premium/widgets/lae-widgets.mine374.css]
[redballoonsecurity.com/wp-content/plugins/elementor-pro/assets/css/frontend-lite.min47b7.css]
[redballoonsecurity.com/wp-content/plugins/elementor/assets/lib/font-awesome/css/all.min47b7.css]
[redballoonsecurity.com/wp-content/plugins/elementor/assets/lib/font-awesome/css/v4-shims.min47b7.css]
[redballoonsecurity.com/wp-content/plugins/elementskit-lite/modules/elementskit-icon-pack/assets/css/ekiticonseed8.css]
[redballoonsecurity.com/wp-content/plugins/elementskit-lite/widgets/init/assets/css/widget-styleseed8.css]
[redballoonsecurity.com/wp-content/plugins/elementskit-lite/widgets/init/assets/css/responsiveeed8.css]
[redballoonsecurity.com/wp-content/plugins/essential-addons-for-elementor-lite/assets/front-end/css/view/general.min9dff.css]
[redballoonsecurity.com/wp-includes/js/jquery/jquery.minaf6c.js]
[redballoonsecurity.com/wp-includes/js/jquery/jquery-migrate.mind617.js]
[redballoonsecurity.com/wp-content/plugins/elementor/assets/lib/font-awesome/js/v4-shims.min47b7.js]
[redballoonsecurity.com/wp-content/uploads/2021/11/RBS_logo_red-150x150.png]
[redballoonsecurity.com/wp-content/uploads/2021/11/RBS_logo_red.png]
[redballoonsecurity.com/wp-content/uploads/elementor/thumbs/RBS_logo_wordmark_red-pfx3rs6io3rto3xbm9e995itut96goqk9077jyjcrc.png]
[redballoonsecurity.com/wp-content/plugins/elementor-pro/assets/css/widget-nav-menu.min.css]
[redballoonsecurity.com/wp-content/uploads/elementor/thumbs/RBS_logo_wordmark_red-pfx3rs6ipf4wejultjntgmevobfehgoaqydfh7nmea.png]
[redballoonsecurity.com/wp-content/uploads/2021/11/download.png]
[redballoonsecurity.com/cdn-cgi/scripts/5c5dd728/cloudflare-static/email-decode.min.js]
[redballoonsecurity.com/wp-content/plugins/elementor/assets/lib/animations/animations.min47b7.css]
[redballoonsecurity.com/wp-content/themes/hello-elementor/assets/js/hello-frontend.min8a54.js]
[redballoonsecurity.com/wp-content/plugins/elementskit-lite/libs/framework/assets/js/frontend-scripteed8.js]
[redballoonsecurity.com/wp-content/plugins/elementskit-lite/widgets/init/assets/js/widget-scriptseed8.js]
[redballoonsecurity.com/wp-content/plugins/essential-addons-for-elementor-lite/assets/front-end/js/view/general.min9dff.js]
[redballoonsecurity.com/wp-content/plugins/elementor-pro/assets/lib/smartmenus/jquery.smartmenus.minf269.js]
[redballoonsecurity.com/wp-content/plugins/elementor-pro/assets/js/webpack-pro.runtime.min47b7.js]
[redballoonsecurity.com/wp-content/plugins/elementor/assets/js/webpack.runtime.min47b7.js]
[redballoonsecurity.com/wp-content/plugins/elementor/assets/js/frontend-modules.min47b7.js]
[redballoonsecurity.com/wp-includes/js/dist/vendor/regenerator-runtime.min3937.js]
[redballoonsecurity.com/wp-includes/js/dist/vendor/wp-polyfill.min2c7c.js]
[redballoonsecurity.com/wp-includes/js/dist/hooks.mincbb5.js]
[redballoonsecurity.com/wp-includes/js/dist/i18n.min771a.js]
[redballoonsecurity.com/wp-content/plugins/elementor-pro/assets/js/frontend.min47b7.js]
[redballoonsecurity.com/wp-content/plugins/elementor/assets/lib/waypoints/waypoints.min05da.js]
[redballoonsecurity.com/wp-includes/js/jquery/ui/core.min0028.js]
[redballoonsecurity.com/wp-content/plugins/elementor/assets/js/frontend.min47b7.js]
[redballoonsecurity.com/wp-content/plugins/elementor-pro/assets/js/elements-handlers.min47b7.js]
[redballoonsecurity.com/wp-content/plugins/elementskit-lite/widgets/init/assets/js/animate-circleeed8.js]
[redballoonsecurity.com/wp-content/plugins/elementskit-lite/widgets/init/assets/js/elementoreed8.js]
[redballoonsecurity.com/wp-content/plugins/elementor/assets/lib/swiper/swiper.mineed8.js]
[redballoonsecurity.com/company/careers/index.html]
[redballoonsecurity.com/wp-includes/css/dist/block-library/style.min5b21.css]
[redballoonsecurity.com/wp-content/themes/hello-elementor/style.minc141.css]
[redballoonsecurity.com/wp-content/themes/hello-elementor/theme.minc141.css]
[redballoonsecurity.com/wp-content/plugins/elementor/assets/css/frontend-lite.min47b7.css]
[redballoonsecurity.com/wp-content/plugins/powerpack-lite-for-elementor/assets/css/min/frontend.min07a9.css]
[redballoonsecurity.com/wp-content/plugins/addons-for-elementor-premium/assets/css/lib/animatee374.css]
[redballoonsecurity.com/wp-content/plugins/elementor-pro/assets/lib/sticky/jquery.sticky.min47b7.js]
[redballoonsecurity.com/wp-content/plugins/addons-for-elementor-premium/assets/css/lib/loader.gif]
[redballoonsecurity.com/wp-content/plugins/addons-for-elementor-premium/assets/css/lib/sliders.mine374.css]
[redballoonsecurity.com/wp-content/plugins/addons-for-elementor-premium/assets/css/fonts/lae-icomoon1a12.ttf]
[redballoonsecurity.com/wp-content/plugins/addons-for-elementor-premium/assets/css/fonts/lae-icomoon1a12.woff]
[redballoonsecurity.com/wp-content/plugins/addons-for-elementor-premium/assets/css/icomoone374.css]
[redballoonsecurity.com/wp-content/plugins/addons-for-elementor-premium/assets/css/lae-frontende374.css]
[redballoonsecurity.com/wp-content/plugins/addons-for-elementor-premium/assets/css/lae-gride374.css]
[redballoonsecurity.com/wp-content/plugins/addons-for-elementor-premium/assets/css/premium/lib/jquery.fancyboxe374.css]
[redballoonsecurity.com/wp-content/plugins/addons-for-elementor-premium/assets/css/premium/lib/powertipe374.css]
[redballoonsecurity.com/wp-content/plugins/addons-for-elementor-premium/assets/css/premium/lib/sliders.mine374.css]
[redballoonsecurity.com/wp-content/plugins/addons-for-elementor-premium/assets/css/premium/lae-blockse374.css]
[redballoonsecurity.com/wp-content/plugins/addons-for-elementor-premium/assets/css/widgets/lae-widgets.mine374.css]
[redballoonsecurity.com/wp-content/plugins/addons-for-elementor-premium/assets/css/premium/widgets/lae-widgets.mine374.css]
[redballoonsecurity.com/wp-content/plugins/elementor-pro/assets/css/frontend-lite.min47b7.css]
[redballoonsecurity.com/wp-content/plugins/elementor/assets/lib/font-awesome/css/all.min47b7.css]
[redballoonsecurity.com/wp-content/plugins/elementor/assets/lib/font-awesome/css/v4-shims.min47b7.css]
[redballoonsecurity.com/wp-content/plugins/elementskit-lite/modules/elementskit-icon-pack/assets/css/ekiticonseed8.css]
[redballoonsecurity.com/wp-content/plugins/addons-for-elementor-premium/assets/css/fonts/lae-icomoon1a12.svg]
[redballoonsecurity.com/wp-content/plugins/elementskit-lite/widgets/init/assets/img/arrow.png]
[redballoonsecurity.com/wp-content/plugins/elementskit-lite/widgets/init/assets/img/sort_asc.png]
[redballoonsecurity.com/wp-content/plugins/elementskit-lite/widgets/init/assets/img/sort_desc.png]
[redballoonsecurity.com/wp-content/plugins/elementskit-lite/widgets/init/assets/img/sort_asc_disabled.png]
[redballoonsecurity.com/wp-content/plugins/elementskit-lite/widgets/init/assets/css/widget-styleseed8.css]
[redballoonsecurity.com/wp-content/plugins/elementskit-lite/widgets/init/assets/css/responsiveeed8.css]
[redballoonsecurity.com/wp-content/plugins/essential-addons-for-elementor-lite/assets/front-end/css/view/general.min9dff.css]
[www.googletagmanager.com/gtm5445.html]
[redballoonsecurity.com/wp-content/plugins/elementor-pro/assets/css/widget-nav-menu.min.css]
[redballoonsecurity.com/wp-content/plugins/elementor/assets/lib/animations/animations.min47b7.css]
[redballoonsecurity.com/wp-content/plugins/addons-for-elementor-premium/assets/css/fonts/lae-icomoon1a12.svg]
